Γû▓ Next.js 16.2.2 (Turbopack)
- Environments: .env.local

  Creating an optimized production build ...
node.exe : 
At line:1 char:1
+ & "C:\Program 
Files\nodejs/node.exe" 
"C:\Program 
Files\nodejs/node_mo ...
+ ~~~~~~~~~~~~~~~~~~~~~~~~~
~~~~~~~~~~~~~~~~~~~~~~~~~~~
~~~~~~~~~~~~~~~~~
    + CategoryInfo         
     : NotSpecified: (:St  
  ring) [], RemoteExcept   
 ion
    + FullyQualifiedErrorI 
   d : NativeCommandError
 
> Build error occurred
Error: Turbopack build 
failed with 3 errors:
./src/app/(public)/work/[sl
ug]/page.tsx:1:1
Module not found: Can't 
resolve '@/lib/supabase'
[31m[1m>[0m [90m1 
|[0m [36mimport[0m { 
createServerSupabaseClient 
} [36mfrom[0m 
[32m'@/lib/supabase'[0m;
  [90m  |[0m [31m[1m^^^
^^^^^^^^^^^^^^^^^^^^^^^^^^^
^^^^^^^^^^^^^^^^^^^^^^^^^^^
^^^[0m
  [90m2 |[0m 
[36mimport[0m 
[33mImage[0m 
[36mfrom[0m 
[32m'next/image'[0m;
  [90m3 |[0m 
[36mimport[0m 
[33mLink[0m 
[36mfrom[0m 
[32m'next/link'[0m;
  [90m4 |[0m 
[36mimport[0m { 
[33mArrowLeft[0m, 
[33mExternalLink[0m } 
[36mfrom[0m 
[32m'lucide-react'[0m;

Import map: aliased to 
relative 
'./src/lib/supabase' 
inside of [project]/


https://nextjs.org/docs/mes
sages/module-not-found


./src/app/(admin)/admin/(da
shboard)/brand/page.tsx:8:1
Module not found: Can't 
resolve 
'@/lib/validators/brand'
  [90m 6 |[0m 
[36mimport[0m { 
[33mTypographyPanel[0m } 
[36mfrom[0m [32m'@/compo
nents/admin/ui/TypographyPa
nel'[0m
  [90m 7 |[0m 
[36mimport[0m { useToast 
} [36mfrom[0m [32m'@/com
ponents/admin/ui/ToastProvi
der'[0m
[31m[1m>[0m [90m 8 
|[0m [36mimport[0m { 
brandSchema } 
[36mfrom[0m [32m'@/lib/v
alidators/brand'[0m
  [90m   |[0m [31m[1m^^
^^^^^^^^^^^^^^^^^^^^^^^^^^^
^^^^^^^^^^^^^^^^^^^^^^^[0m
  [90m 9 |[0m
  [90m10 |[0m 
[36mexport[0m 
[36mdefault[0m 
[36mfunction[0m 
[33mBrandPage[0m() {
  [90m11 |[0m   
[36mconst[0m [didLoad, 
setDidLoad] = 
useState([36mfalse[0m)

Import map: aliased to 
relative './src/lib/validat
ors/brand' inside of 
[project]/


Import traces:
  Client Component Browser:
    ./src/app/(admin)/admin
/(dashboard)/brand/page.tsx
 [Client Component Browser]
    ./src/app/(admin)/admin
/(dashboard)/brand/page.tsx
 [Server Component]

  Client Component SSR:
    ./src/app/(admin)/admin
/(dashboard)/brand/page.tsx
 [Client Component SSR]
    ./src/app/(admin)/admin
/(dashboard)/brand/page.tsx
 [Server Component]

https://nextjs.org/docs/mes
sages/module-not-found


./src/app/(admin)/admin/(da
shboard)/hero/page.tsx:10:1
Module not found: Can't 
resolve 
'@/lib/validators/hero'
  [90m 8 |[0m 
[36mimport[0m { 
[33mTypographyPanel[0m } 
[36mfrom[0m [32m'@/compo
nents/admin/ui/TypographyPa
nel'[0m
  [90m 9 |[0m 
[36mimport[0m { 
[33mFileUploadZone[0m } 
[36mfrom[0m [32m'@/compo
nents/admin/ui/FileUploadZo
ne'[0m
[31m[1m>[0m [90m10 
|[0m [36mimport[0m { 
heroSchema } [36mfrom[0m 
[32m'@/lib/validators/hero
'[0m
  [90m   |[0m [31m[1m^^
^^^^^^^^^^^^^^^^^^^^^^^^^^^
^^^^^^^^^^^^^^^^^^^^^[0m
  [90m11 |[0m
  [90m12 |[0m 
[36mconst[0m 
[33mDEFAULT_HERO[0m = {
  [90m13 |[0m   id: 
[32m''[0m,

Import map: aliased to 
relative './src/lib/validat
ors/hero' inside of 
[project]/


Import traces:
  Client Component Browser:
    ./src/app/(admin)/admin
/(dashboard)/hero/page.tsx 
[Client Component Browser]
    ./src/app/(admin)/admin
/(dashboard)/hero/page.tsx 
[Server Component]

  Client Component SSR:
    ./src/app/(admin)/admin
/(dashboard)/hero/page.tsx 
[Client Component SSR]
    ./src/app/(admin)/admin
/(dashboard)/hero/page.tsx 
[Server Component]

https://nextjs.org/docs/mes
sages/module-not-found


    at <unknown> (./src/app
/(public)/work/[slug]/page.
tsx:1:1)
    at <unknown> (https://n
extjs.org/docs/messages/mod
ule-not-found)
    at <unknown> (./src/app
/(admin)/admin/(dashboard)/
brand/page.tsx:8:1)
    at <unknown> (https://n
extjs.org/docs/messages/mod
ule-not-found)
    at <unknown> (./src/app
/(admin)/admin/(dashboard)/
hero/page.tsx:10:1)
    at <unknown> (https://n
extjs.org/docs/messages/mod
ule-not-found)
